
karemoun@LIN65006349 MINGW64 ~/desktop
$ git clone
fatal: You must specify a repository to clone.

usage: git clone [<options>] [--] <repo> [<dir>]

    -v, --verbose         be more verbose
    -q, --quiet           be more quiet
    --progress            force progress reporting
    --reject-shallow      don't clone shallow repository
    -n, --no-checkout     don't create a checkout
    --bare                create a bare repository
    --mirror              create a mirror repository (implies bare)
    -l, --local           to clone from a local repository
    --no-hardlinks        don't use local hardlinks, always copy
    -s, --shared          setup as shared repository
    --recurse-submodules[=<pathspec>]
                          initialize submodules in the clone
    --recursive ...       alias of --recurse-submodules
    -j, --jobs <n>        number of submodules cloned in parallel
    --template <template-directory>
                          directory from which templates will be used
    --reference <repo>    reference repository
    --reference-if-able <repo>
                          reference repository
    --dissociate          use --reference only while cloning
    -o, --origin <name>   use <name> instead of 'origin' to track upstream
    -b, --branch <branch>
                          checkout <branch> instead of the remote's HEAD
    -u, --upload-pack <path>
                          path to git-upload-pack on the remote
    --depth <depth>       create a shallow clone of that depth
    --shallow-since <time>
                          create a shallow clone since a specific time
    --shallow-exclude <revision>
                          deepen history of shallow clone, excluding rev
    --single-branch       clone only one branch, HEAD or --branch
    --no-tags             don't clone any tags, and make later fetches not to follow them
    --shallow-submodules  any cloned submodules will be shallow
    --separate-git-dir <gitdir>
                          separate git dir from working tree
    -c, --config <key=value>
                          set config inside the new repository
    --server-option <server-specific>
                          option to transmit
    -4, --ipv4            use IPv4 addresses only
    -6, --ipv6            use IPv6 addresses only
    --filter <args>       object filtering
    --also-filter-submodules
                          apply partial clone filters to submodules
    --remote-submodules   any cloned submodules will use their remote-tracking branch
    --sparse              initialize sparse-checkout file to include only files at root


karemoun@LIN65006349 MINGW64 ~/desktop
$ mkdir assignments

karemoun@LIN65006349 MINGW64 ~/desktop
$ cd assignments

karemoun@LIN65006349 MINGW64 ~/desktop/assignments
$ git add Readme.txt
fatal: not a git repository (or any of the parent directories): .git

karemoun@LIN65006349 MINGW64 ~/desktop/assignments
$ touch Readme.txt

karemoun@LIN65006349 MINGW64 ~/desktop/assignments
$ git add Readme.txt
fatal: not a git repository (or any of the parent directories): .git

karemoun@LIN65006349 MINGW64 ~/desktop/assignments
$ git commit -m 'Readme.txt file commited'
fatal: not a git repository (or any of the parent directories): .git

karemoun@LIN65006349 MINGW64 ~/desktop/assignments
$ git status
fatal: not a git repository (or any of the parent directories): .git

karemoun@LIN65006349 MINGW64 ~/desktop/assignments
$ vi Readme.txt

karemoun@LIN65006349 MINGW64 ~/desktop/assignments
$ vi Readme.txt

karemoun@LIN65006349 MINGW64 ~/desktop/assignments
$ git status
fatal: not a git repository (or any of the parent directories): .git

karemoun@LIN65006349 MINGW64 ~/desktop/assignments
$ git init
Initialized empty Git repository in C:/Users/karemoun/Desktop/assignments/.git/

karemoun@LIN65006349 MINGW64 ~/desktop/assignments (master)
$ git status
On branch master

No commits yet

Untracked files:
  (use "git add <file>..." to include in what will be committed)
        Readme.txt

nothing added to commit but untracked files present (use "git add" to track)

karemoun@LIN65006349 MINGW64 ~/desktop/assignments (master)
$ git add Readme.txt
warning: LF will be replaced by CRLF in Readme.txt.
The file will have its original line endings in your working directory

karemoun@LIN65006349 MINGW64 ~/desktop/assignments (master)
$ git status
On branch master

No commits yet

Changes to be committed:
  (use "git rm --cached <file>..." to unstage)
        new file:   Readme.txt


karemoun@LIN65006349 MINGW64 ~/desktop/assignments (master)
$ vi Readme.txt

karemoun@LIN65006349 MINGW64 ~/desktop/assignments (master)
$ git commit -m 'Readme.txt file commited'
[master (root-commit) 9fa5291] Readme.txt file commited
 Committer: Mounika <kareti.mounika@capgemini.com>
Your name and email address were configured automatically based
on your username and hostname. Please check that they are accurate.
You can suppress this message by setting them explicitly. Run the
following command and follow the instructions in your editor to edit
your configuration file:

    git config --global --edit

After doing this, you may fix the identity used for this commit with:

    git commit --amend --reset-author

 1 file changed, 1 insertion(+)
 create mode 100644 Readme.txt

karemoun@LIN65006349 MINGW64 ~/desktop/assignments (master)
$ git status
On branch master
nothing to commit, working tree clean

karemoun@LIN65006349 MINGW64 ~/desktop/assignments (master)
$ git add Readme.txt

karemoun@LIN65006349 MINGW64 ~/desktop/assignments (master)
$ git status
On branch master
nothing to commit, working tree clean

karemoun@LIN65006349 MINGW64 ~/desktop/assignments (master)
$ touch html assignments

karemoun@LIN65006349 MINGW64 ~/desktop/assignments (master)
$ git checkout -b <new branch>
bash: syntax error near unexpected token `newline'

karemoun@LIN65006349 MINGW64 ~/desktop/assignments (master)
$ > git branch
bash: branch: command not found

karemoun@LIN65006349 MINGW64 ~/desktop/assignments (master)
$ git pull
There is no tracking information for the current branch.
Please specify which branch you want to merge with.
See git-pull(1) for details.

    git pull <remote> <branch>

If you wish to set tracking information for this branch you can do so with:

    git branch --set-upstream-to=<remote>/<branch> master


karemoun@LIN65006349 MINGW64 ~/desktop/assignments (master)
$ git branch html-assignments

karemoun@LIN65006349 MINGW64 ~/desktop/assignments (master)
$ git switch 'html-assignments'
Switched to branch 'html-assignments'

karemoun@LIN65006349 MINGW64 ~/desktop/assignments (html-assignments)
$ git chechout master Readme.txt
git: 'chechout' is not a git command. See 'git --help'.

The most similar command is
        checkout

karemoun@LIN65006349 MINGW64 ~/desktop/assignments (html-assignments)
$ git status
On branch html-assignments
Untracked files:
  (use "git add <file>..." to include in what will be committed)
        assignments
        git
        html

nothing added to commit but untracked files present (use "git add" to track)

karemoun@LIN65006349 MINGW64 ~/desktop/assignments (html-assignments)
$ touch file.txt

karemoun@LIN65006349 MINGW64 ~/desktop/assignments (html-assignments)
$ git add -A

karemoun@LIN65006349 MINGW64 ~/desktop/assignments (html-assignments)
$ git status
On branch html-assignments
Changes to be committed:
  (use "git restore --staged <file>..." to unstage)
        new file:   assignments
        new file:   file.txt
        new file:   git
        new file:   html


karemoun@LIN65006349 MINGW64 ~/desktop/assignments (html-assignments)
$ git switch master
Switched to branch 'master'
A       assignments
A       file.txt
A       git
A       html

karemoun@LIN65006349 MINGW64 ~/desktop/assignments (master)
$ touch file.html

karemoun@LIN65006349 MINGW64 ~/desktop/assignments (master)
$ git add -A

karemoun@LIN65006349 MINGW64 ~/desktop/assignments (master)
$ git status
On branch master
Changes to be committed:
  (use "git restore --staged <file>..." to unstage)
        new file:   assignments
        new file:   file.html
        new file:   file.txt
        new file:   git
        new file:   html


karemoun@LIN65006349 MINGW64 ~/desktop/assignments (master)
$ git commit
Aborting commit due to empty commit message.

karemoun@LIN65006349 MINGW64 ~/desktop/assignments (master)
$ git switch html-assignments
Switched to branch 'html-assignments'
A       assignments
A       file.html
A       file.txt
A       git
A       html

karemoun@LIN65006349 MINGW64 ~/desktop/assignments (html-assignments)
$ git stash
Saved working directory and index state WIP on html-assignments: 9fa5291 Readme.txt file commited

karemoun@LIN65006349 MINGW64 ~/desktop/assignments (html-assignments)
$ git switch html-assignments
Already on 'html-assignments'

karemoun@LIN65006349 MINGW64 ~/desktop/assignments (html-assignments)
$ git checkout master file.html
error: pathspec 'file.html' did not match any file(s) known to git

karemoun@LIN65006349 MINGW64 ~/desktop/assignments (html-assignments)
$ git switch master
Switched to branch 'master'

karemoun@LIN65006349 MINGW64 ~/desktop/assignments (master)
$ git add -A

karemoun@LIN65006349 MINGW64 ~/desktop/assignments (master)
$ git status
On branch master
nothing to commit, working tree clean

karemoun@LIN65006349 MINGW64 ~/desktop/assignments (master)
$ git commit -a
On branch master
nothing to commit, working tree clean

karemoun@LIN65006349 MINGW64 ~/desktop/assignments (master)
$ git switch master
Already on 'master'

karemoun@LIN65006349 MINGW64 ~/desktop/assignments (master)
$ git merge html-assignments
Already up to date.

karemoun@LIN65006349 MINGW64 ~/desktop/assignments (master)
$ git branch -d html-assignments
Deleted branch html-assignments (was 9fa5291).

karemoun@LIN65006349 MINGW64 ~/desktop/assignments (master)
$
