
karemoun@LIN65006349 MINGW64 ~
$ git clone
fatal: You must specify a repository to clone.

usage: git clone [<options>] [--] <repo> [<dir>]

    -v, --verbose         be more verbose
    -q, --quiet           be more quiet
    --progress            force progress reporting
    --reject-shallow      don't clone shallow repository
    -n, --no-checkout     don't create a checkout
    --bare                create a bare repository
    --mirror              create a mirror repository (implies bare)
    -l, --local           to clone from a local repository
    --no-hardlinks        don't use local hardlinks, always copy
    -s, --shared          setup as shared repository
    --recurse-submodules[=<pathspec>]
                          initialize submodules in the clone
    --recursive ...       alias of --recurse-submodules
    -j, --jobs <n>        number of submodules cloned in parallel
    --template <template-directory>
                          directory from which templates will be used
    --reference <repo>    reference repository
    --reference-if-able <repo>
                          reference repository
    --dissociate          use --reference only while cloning
    -o, --origin <name>   use <name> instead of 'origin' to track upstream
    -b, --branch <branch>
                          checkout <branch> instead of the remote's HEAD
    -u, --upload-pack <path>
                          path to git-upload-pack on the remote
    --depth <depth>       create a shallow clone of that depth
    --shallow-since <time>
                          create a shallow clone since a specific time
    --shallow-exclude <revision>
                          deepen history of shallow clone, excluding rev
    --single-branch       clone only one branch, HEAD or --branch
    --no-tags             don't clone any tags, and make later fetches not to follow them
    --shallow-submodules  any cloned submodules will be shallow
    --separate-git-dir <gitdir>
                          separate git dir from working tree
    -c, --config <key=value>
                          set config inside the new repository
    --server-option <server-specific>
                          option to transmit
    -4, --ipv4            use IPv4 addresses only
    -6, --ipv6            use IPv6 addresses only
    --filter <args>       object filtering
    --also-filter-submodules
                          apply partial clone filters to submodules
    --remote-submodules   any cloned submodules will use their remote-tracking branch
    --sparse              initialize sparse-checkout file to include only files at root


karemoun@LIN65006349 MINGW64 ~
$ cd desktop

karemoun@LIN65006349 MINGW64 ~/desktop
$ mkdir css-assignments

karemoun@LIN65006349 MINGW64 ~/desktop
$ cd css-assignments

karemoun@LIN65006349 MINGW64 ~/desktop/css-assignments
$ git add Readme.txt
fatal: not a git repository (or any of the parent directories): .git

karemoun@LIN65006349 MINGW64 ~/desktop/css-assignments
$ touch Readme.txt

karemoun@LIN65006349 MINGW64 ~/desktop/css-assignments
$ git add Readme.txt
fatal: not a git repository (or any of the parent directories): .git

karemoun@LIN65006349 MINGW64 ~/desktop/css-assignments
$ git init
Initialized empty Git repository in C:/Users/karemoun/Desktop/css-assignments/.git/

karemoun@LIN65006349 MINGW64 ~/desktop/css-assignments (master)
$ git status
On branch master

No commits yet

Untracked files:
  (use "git add <file>..." to include in what will be committed)
        Readme.txt

nothing added to commit but untracked files present (use "git add" to track)

karemoun@LIN65006349 MINGW64 ~/desktop/css-assignments (master)
$ git add Readme.txt

karemoun@LIN65006349 MINGW64 ~/desktop/css-assignments (master)
$ vi Readme.txt

karemoun@LIN65006349 MINGW64 ~/desktop/css-assignments (master)
$ vi Readme.txt

karemoun@LIN65006349 MINGW64 ~/desktop/css-assignments (master)
$ git commit -m "Readme.txt file commited"
[master (root-commit) 5077773] Readme.txt file commited
 Committer: Mounika <kareti.mounika@capgemini.com>
Your name and email address were configured automatically based
on your username and hostname. Please check that they are accurate.
You can suppress this message by setting them explicitly. Run the
following command and follow the instructions in your editor to edit
your configuration file:

    git config --global --edit

After doing this, you may fix the identity used for this commit with:

    git commit --amend --reset-author

 1 file changed, 0 insertions(+), 0 deletions(-)
 create mode 100644 Readme.txt

karemoun@LIN65006349 MINGW64 ~/desktop/css-assignments (master)
$ git status
On branch master
Changes not staged for commit:
  (use "git add <file>..." to update what will be committed)
  (use "git restore <file>..." to discard changes in working directory)
        modified:   Readme.txt

no changes added to commit (use "git add" and/or "git commit -a")

karemoun@LIN65006349 MINGW64 ~/desktop/css-assignments (master)
$ touch css assignments

karemoun@LIN65006349 MINGW64 ~/desktop/css-assignments (master)
$ git pull
There is no tracking information for the current branch.
Please specify which branch you want to merge with.
See git-pull(1) for details.

    git pull <remote> <branch>

If you wish to set tracking information for this branch you can do so with:

    git branch --set-upstream-to=<remote>/<branch> master


karemoun@LIN65006349 MINGW64 ~/desktop/css-assignments (master)
$ git branch css-assignment

karemoun@LIN65006349 MINGW64 ~/desktop/css-assignments (master)
$ git switch 'css-assignments'
fatal: invalid reference: css-assignments

karemoun@LIN65006349 MINGW64 ~/desktop/css-assignments (master)
$ git branch assignmentscss

karemoun@LIN65006349 MINGW64 ~/desktop/css-assignments (master)
$ git switch 'assignmentscss'
Switched to branch 'assignmentscss'
M       Readme.txt

karemoun@LIN65006349 MINGW64 ~/desktop/css-assignments (assignmentscss)
$ git chekout master Readme.txt
git: 'chekout' is not a git command. See 'git --help'.

The most similar command is
        checkout

karemoun@LIN65006349 MINGW64 ~/desktop/css-assignments (assignmentscss)
$ git status
On branch assignmentscss
Changes not staged for commit:
  (use "git add <file>..." to update what will be committed)
  (use "git restore <file>..." to discard changes in working directory)
        modified:   Readme.txt

Untracked files:
  (use "git add <file>..." to include in what will be committed)
        assignments
        css

no changes added to commit (use "git add" and/or "git commit -a")

karemoun@LIN65006349 MINGW64 ~/desktop/css-assignments (assignmentscss)
$ touch file.txt

karemoun@LIN65006349 MINGW64 ~/desktop/css-assignments (assignmentscss)
$ git add -A
warning: LF will be replaced by CRLF in Readme.txt.
The file will have its original line endings in your working directory

karemoun@LIN65006349 MINGW64 ~/desktop/css-assignments (assignmentscss)
$ git status
On branch assignmentscss
Changes to be committed:
  (use "git restore --staged <file>..." to unstage)
        modified:   Readme.txt
        new file:   assignments
        new file:   css
        new file:   file.txt


karemoun@LIN65006349 MINGW64 ~/desktop/css-assignments (assignmentscss)
$ git switch master
Switched to branch 'master'
M       Readme.txt
A       assignments
A       css
A       file.txt

karemoun@LIN65006349 MINGW64 ~/desktop/css-assignments (master)
$ touch file.css

karemoun@LIN65006349 MINGW64 ~/desktop/css-assignments (master)
$ git add -A

karemoun@LIN65006349 MINGW64 ~/desktop/css-assignments (master)
$ git status
On branch master
Changes to be committed:
  (use "git restore --staged <file>..." to unstage)
        modified:   Readme.txt
        new file:   assignments
        new file:   css
        new file:   file.css
        new file:   file.txt


karemoun@LIN65006349 MINGW64 ~/desktop/css-assignments (master)
$ git stash
Saved working directory and index state WIP on master: 5077773 Readme.txt file commited

karemoun@LIN65006349 MINGW64 ~/desktop/css-assignments (master)
$ git switch master
Already on 'master'

karemoun@LIN65006349 MINGW64 ~/desktop/css-assignments (master)
$ git merge assignmentscss
Already up to date.

karemoun@LIN65006349 MINGW64 ~/desktop/css-assignments (master)
$ $git branch -d html-assignments
bash: branch: command not found

karemoun@LIN65006349 MINGW64 ~/desktop/css-assignments (master)
$ git branch -d assignmentscss
Deleted branch assignmentscss (was 5077773).

karemoun@LIN65006349 MINGW64 ~/desktop/css-assignments (master)
$
